2026-05-13T11:01:00.780+09:00  INFO 12732 --- [Test worker] c.c.e.EcsPracticeStarterApplicationTests : Starting EcsPracticeStarterApplicationTests using Java 17.0.18 with PID 12732 (started by dkskr in C:\Users\dkskr\OneDrive\Desktop\새폴더2\ecs-practice-starter)
2026-05-13T11:01:00.784+09:00  INFO 12732 --- [Test worker] c.c.e.EcsPracticeStarterApplicationTests : No active profile set, falling back to 1 default profile: "default"
2026-05-13T11:01:03.829+09:00  INFO 12732 --- [Test worker] o.s.b.a.e.web.EndpointLinksResolver      : Exposing 1 endpoint beneath base path '/actuator'
2026-05-13T11:01:03.947+09:00  INFO 12732 --- [Test worker] c.c.e.EcsPracticeStarterApplicationTests : Started EcsPracticeStarterApplicationTests in 3.827 seconds (process running for 6.729)
2026-05-13T11:01:16.543+09:00  INFO 20700 --- [main] c.c.e.EcsPracticeStarterApplication      : Starting EcsPracticeStarterApplication v0.0.1-SNAPSHOT using Java 17.0.18 with PID 20700 (C:\Users\dkskr\OneDrive\Desktop\새폴더2\ecs-practice-starter\build\libs\ecs-practice-starter-0.0.1-SNAPSHOT.jar started by dkskr in C:\Users\dkskr\OneDrive\Desktop\새폴더2\ecs-practice-starter)
2026-05-13T11:01:16.552+09:00  INFO 20700 --- [main] c.c.e.EcsPracticeStarterApplication      : No active profile set, falling back to 1 default profile: "default"
2026-05-13T11:01:18.868+09:00  INFO 20700 --- [main] o.s.boot.tomcat.TomcatWebServer          : Tomcat initialized with port 8080 (http)
2026-05-13T11:01:18.887+09:00  INFO 20700 --- [main] o.apache.catalina.core.StandardService   : Starting service [Tomcat]
2026-05-13T11:01:18.889+09:00  INFO 20700 --- [main] o.apache.catalina.core.StandardEngine    : Starting Servlet engine: [Apache Tomcat/11.0.21]
2026-05-13T11:01:18.947+09:00  INFO 20700 --- [main] b.w.c.s.WebApplicationContextInitializer : Root WebApplicationContext: initialization completed in 2265 ms
2026-05-13T11:01:20.080+09:00  INFO 20700 --- [main] o.s.b.a.e.web.EndpointLinksResolver      : Exposing 1 endpoint beneath base path '/actuator'
2026-05-13T11:01:20.193+09:00  WARN 20700 --- [main] ConfigServletWebServerApplicationContext : Exception encountered during context initialization - cancelling refresh attempt: org.springframework.context.ApplicationContextException: Failed to start bean 'webServerStartStop'
2026-05-13T11:01:20.236+09:00  INFO 20700 --- [main] .s.b.a.l.ConditionEvaluationReportLogger : 

Error starting ApplicationContext. To display the condition evaluation report re-run your application with 'debug' enabled.
2026-05-13T11:01:20.277+09:00 ERROR 20700 --- [main] o.s.b.d.LoggingFailureAnalysisReporter   : 

***************************
APPLICATION FAILED TO START
***************************

Description:

Web server failed to start. Port 8080 was already in use.

Action:

Identify and stop the process that's listening on port 8080 or configure this application to listen on another port.

2026-05-13T11:02:23.589+09:00  INFO 12784 --- [main] c.c.e.EcsPracticeStarterApplication      : Starting EcsPracticeStarterApplication v0.0.1-SNAPSHOT using Java 17.0.18 with PID 12784 (C:\Users\dkskr\OneDrive\Desktop\새폴더2\ecs-practice-starter\build\libs\ecs-practice-starter-0.0.1-SNAPSHOT.jar started by dkskr in C:\Users\dkskr\OneDrive\Desktop\새폴더2\ecs-practice-starter)
2026-05-13T11:02:23.598+09:00  INFO 12784 --- [main] c.c.e.EcsPracticeStarterApplication      : No active profile set, falling back to 1 default profile: "default"
2026-05-13T11:02:26.382+09:00  INFO 12784 --- [main] o.s.boot.tomcat.TomcatWebServer          : Tomcat initialized with port 8080 (http)
2026-05-13T11:02:26.415+09:00  INFO 12784 --- [main] o.apache.catalina.core.StandardService   : Starting service [Tomcat]
2026-05-13T11:02:26.416+09:00  INFO 12784 --- [main] o.apache.catalina.core.StandardEngine    : Starting Servlet engine: [Apache Tomcat/11.0.21]
2026-05-13T11:02:26.473+09:00  INFO 12784 --- [main] b.w.c.s.WebApplicationContextInitializer : Root WebApplicationContext: initialization completed in 2720 ms
2026-05-13T11:02:27.650+09:00  INFO 12784 --- [main] o.s.b.a.e.web.EndpointLinksResolver      : Exposing 1 endpoint beneath base path '/actuator'
2026-05-13T11:02:27.793+09:00  INFO 12784 --- [main] o.s.boot.tomcat.TomcatWebServer          : Tomcat started on port 8080 (http) with context path '/'
2026-05-13T11:02:27.810+09:00  INFO 12784 --- [main] c.c.e.EcsPracticeStarterApplication      : Started EcsPracticeStarterApplication in 5.421 seconds (process running for 6.591)
2026-05-13T11:02:45.897+09:00  INFO 12784 --- [http-nio-8080-exec-1] o.a.c.c.C.[Tomcat].[localhost].[/]       : Initializing Spring DispatcherServlet 'dispatcherServlet'
2026-05-13T11:02:45.898+09:00  INFO 12784 --- [http-nio-8080-exec-1] o.s.web.servlet.DispatcherServlet        : Initializing Servlet 'dispatcherServlet'
2026-05-13T11:02:45.901+09:00  INFO 12784 --- [http-nio-8080-exec-1] o.s.web.servlet.DispatcherServlet        : Completed initialization in 2 ms
2026-05-13T11:04:21.972+09:00  INFO 12784 --- [SpringApplicationShutdownHook] o.s.boot.tomcat.GracefulShutdown         : Commencing graceful shutdown. Waiting for active requests to complete
2026-05-13T11:04:22.600+09:00  INFO 12784 --- [tomcat-shutdown] o.s.boot.tomcat.GracefulShutdown         : Graceful shutdown complete
2026-05-13T11:04:32.051+09:00  INFO 10020 --- [main] c.c.e.EcsPracticeStarterApplication      : Starting EcsPracticeStarterApplication v0.0.1-SNAPSHOT using Java 17.0.18 with PID 10020 (C:\Users\dkskr\OneDrive\Desktop\새폴더2\ecs-practice-starter\build\libs\ecs-practice-starter-0.0.1-SNAPSHOT.jar started by dkskr in C:\Users\dkskr\OneDrive\Desktop\새폴더2\ecs-practice-starter)
2026-05-13T11:04:32.060+09:00  INFO 10020 --- [main] c.c.e.EcsPracticeStarterApplication      : No active profile set, falling back to 1 default profile: "default"
2026-05-13T11:04:34.288+09:00  INFO 10020 --- [main] o.s.boot.tomcat.TomcatWebServer          : Tomcat initialized with port 8080 (http)
2026-05-13T11:04:34.309+09:00  INFO 10020 --- [main] o.apache.catalina.core.StandardService   : Starting service [Tomcat]
2026-05-13T11:04:34.310+09:00  INFO 10020 --- [main] o.apache.catalina.core.StandardEngine    : Starting Servlet engine: [Apache Tomcat/11.0.21]
2026-05-13T11:04:34.365+09:00  INFO 10020 --- [main] b.w.c.s.WebApplicationContextInitializer : Root WebApplicationContext: initialization completed in 2177 ms
2026-05-13T11:04:35.526+09:00  INFO 10020 --- [main] o.s.b.a.e.web.EndpointLinksResolver      : Exposing 1 endpoint beneath base path '/actuator'
2026-05-13T11:04:35.675+09:00  INFO 10020 --- [main] o.s.boot.tomcat.TomcatWebServer          : Tomcat started on port 8080 (http) with context path '/'
2026-05-13T11:04:35.693+09:00  INFO 10020 --- [main] c.c.e.EcsPracticeStarterApplication      : Started EcsPracticeStarterApplication in 4.756 seconds (process running for 5.795)
2026-05-13T11:04:43.757+09:00  INFO 10020 --- [http-nio-8080-exec-1] o.a.c.c.C.[Tomcat].[localhost].[/]       : Initializing Spring DispatcherServlet 'dispatcherServlet'
2026-05-13T11:04:43.758+09:00  INFO 10020 --- [http-nio-8080-exec-1] o.s.web.servlet.DispatcherServlet        : Initializing Servlet 'dispatcherServlet'
2026-05-13T11:04:43.760+09:00  INFO 10020 --- [http-nio-8080-exec-1] o.s.web.servlet.DispatcherServlet        : Completed initialization in 2 ms
2026-05-13T11:05:15.435+09:00  INFO 10020 --- [SpringApplicationShutdownHook] o.s.boot.tomcat.GracefulShutdown         : Commencing graceful shutdown. Waiting for active requests to complete
2026-05-13T11:05:15.695+09:00  INFO 10020 --- [tomcat-shutdown] o.s.boot.tomcat.GracefulShutdown         : Graceful shutdown complete
2026-05-13T12:04:48.436+09:00  INFO 24152 --- [main] c.c.e.EcsPracticeStarterApplication      : Starting EcsPracticeStarterApplication using Java 17.0.18 with PID 24152 (C:\Users\dkskr\OneDrive\Desktop\새폴더2\ecs-practice-starter\build\classes\java\main started by dkskr in C:\Users\dkskr\OneDrive\Desktop\새폴더2\ecs-practice-starter)
2026-05-13T12:04:48.441+09:00  INFO 24152 --- [main] c.c.e.EcsPracticeStarterApplication      : No active profile set, falling back to 1 default profile: "default"
2026-05-13T12:04:49.889+09:00  INFO 24152 --- [main] o.s.boot.tomcat.TomcatWebServer          : Tomcat initialized with port 8080 (http)
2026-05-13T12:04:49.905+09:00  INFO 24152 --- [main] o.apache.catalina.core.StandardService   : Starting service [Tomcat]
2026-05-13T12:04:49.906+09:00  INFO 24152 --- [main] o.apache.catalina.core.StandardEngine    : Starting Servlet engine: [Apache Tomcat/11.0.21]
2026-05-13T12:04:49.973+09:00  INFO 24152 --- [main] b.w.c.s.WebApplicationContextInitializer : Root WebApplicationContext: initialization completed in 1460 ms
2026-05-13T12:04:50.745+09:00  INFO 24152 --- [main] o.s.b.a.e.web.EndpointLinksResolver      : Exposing 1 endpoint beneath base path '/actuator'
2026-05-13T12:04:50.802+09:00  WARN 24152 --- [main] ConfigServletWebServerApplicationContext : Exception encountered during context initialization - cancelling refresh attempt: org.springframework.context.ApplicationContextException: Failed to start bean 'webServerStartStop'
2026-05-13T12:04:50.818+09:00  INFO 24152 --- [main] .s.b.a.l.ConditionEvaluationReportLogger : 

Error starting ApplicationContext. To display the condition evaluation report re-run your application with 'debug' enabled.
2026-05-13T12:04:50.833+09:00 ERROR 24152 --- [main] o.s.b.d.LoggingFailureAnalysisReporter   : 

***************************
APPLICATION FAILED TO START
***************************

Description:

Web server failed to start. Port 8080 was already in use.

Action:

Identify and stop the process that's listening on port 8080 or configure this application to listen on another port.

2026-05-13T16:08:03.701+09:00  INFO 19908 --- [main] c.c.e.EcsPracticeStarterApplication      : Starting EcsPracticeStarterApplication using Java 17.0.18 with PID 19908 (C:\Users\dkskr\OneDrive\Desktop\newforder2\ecs-practice-starter\build\classes\java\main started by dkskr in C:\Users\dkskr\OneDrive\Desktop\newforder2\ecs-practice-starter)
2026-05-13T16:08:03.710+09:00  INFO 19908 --- [main] c.c.e.EcsPracticeStarterApplication      : No active profile set, falling back to 1 default profile: "default"
2026-05-13T16:08:05.976+09:00  INFO 19908 --- [main] o.s.boot.tomcat.TomcatWebServer          : Tomcat initialized with port 8080 (http)
2026-05-13T16:08:06.000+09:00  INFO 19908 --- [main] o.apache.catalina.core.StandardService   : Starting service [Tomcat]
2026-05-13T16:08:06.000+09:00  INFO 19908 --- [main] o.apache.catalina.core.StandardEngine    : Starting Servlet engine: [Apache Tomcat/11.0.21]
2026-05-13T16:08:06.093+09:00  INFO 19908 --- [main] b.w.c.s.WebApplicationContextInitializer : Root WebApplicationContext: initialization completed in 2301 ms
2026-05-13T16:08:07.150+09:00  INFO 19908 --- [main] o.s.b.a.e.web.EndpointLinksResolver      : Exposing 1 endpoint beneath base path '/actuator'
2026-05-13T16:08:07.266+09:00  INFO 19908 --- [main] o.s.boot.tomcat.TomcatWebServer          : Tomcat started on port 8080 (http) with context path '/'
2026-05-13T16:08:07.278+09:00  INFO 19908 --- [main] c.c.e.EcsPracticeStarterApplication      : Started EcsPracticeStarterApplication in 4.611 seconds (process running for 7.515)
2026-05-13T16:08:07.924+09:00  INFO 19908 --- [RMI TCP Connection(4)-192.168.0.6] o.a.c.c.C.[Tomcat].[localhost].[/]       : Initializing Spring DispatcherServlet 'dispatcherServlet'
2026-05-13T16:08:07.925+09:00  INFO 19908 --- [RMI TCP Connection(4)-192.168.0.6] o.s.web.servlet.DispatcherServlet        : Initializing Servlet 'dispatcherServlet'
2026-05-13T16:08:07.928+09:00  INFO 19908 --- [RMI TCP Connection(4)-192.168.0.6] o.s.web.servlet.DispatcherServlet        : Completed initialization in 2 ms
2026-05-13T16:26:20.468+09:00  INFO 19908 --- [SpringApplicationShutdownHook] o.s.boot.tomcat.GracefulShutdown         : Commencing graceful shutdown. Waiting for active requests to complete
2026-05-13T16:26:20.954+09:00  INFO 19908 --- [tomcat-shutdown] o.s.boot.tomcat.GracefulShutdown         : Graceful shutdown complete
2026-05-13T16:44:34.199+09:00  INFO 21580 --- [main] c.c.e.EcsPracticeStarterApplication      : Starting EcsPracticeStarterApplication using Java 17.0.18 with PID 21580 (C:\Users\dkskr\OneDrive\Desktop\newforder2\ecs-practice-starter\build\classes\java\main started by dkskr in C:\Users\dkskr\OneDrive\Desktop\newforder2\ecs-practice-starter)
2026-05-13T16:44:34.205+09:00  INFO 21580 --- [main] c.c.e.EcsPracticeStarterApplication      : No active profile set, falling back to 1 default profile: "default"
2026-05-13T16:44:35.640+09:00  INFO 21580 --- [main] o.s.boot.tomcat.TomcatWebServer          : Tomcat initialized with port 8080 (http)
2026-05-13T16:44:35.658+09:00  INFO 21580 --- [main] o.apache.catalina.core.StandardService   : Starting service [Tomcat]
2026-05-13T16:44:35.658+09:00  INFO 21580 --- [main] o.apache.catalina.core.StandardEngine    : Starting Servlet engine: [Apache Tomcat/11.0.21]
2026-05-13T16:44:35.726+09:00  INFO 21580 --- [main] b.w.c.s.WebApplicationContextInitializer : Root WebApplicationContext: initialization completed in 1443 ms
2026-05-13T16:44:36.454+09:00  INFO 21580 --- [main] o.s.b.a.e.web.EndpointLinksResolver      : Exposing 1 endpoint beneath base path '/actuator'
2026-05-13T16:44:36.533+09:00  INFO 21580 --- [main] o.s.boot.tomcat.TomcatWebServer          : Tomcat started on port 8080 (http) with context path '/'
2026-05-13T16:44:36.543+09:00  INFO 21580 --- [main] c.c.e.EcsPracticeStarterApplication      : Started EcsPracticeStarterApplication in 3.166 seconds (process running for 4.576)
2026-05-13T16:44:37.050+09:00  INFO 21580 --- [RMI TCP Connection(1)-192.168.0.6] o.a.c.c.C.[Tomcat].[localhost].[/]       : Initializing Spring DispatcherServlet 'dispatcherServlet'
2026-05-13T16:44:37.051+09:00  INFO 21580 --- [RMI TCP Connection(1)-192.168.0.6] o.s.web.servlet.DispatcherServlet        : Initializing Servlet 'dispatcherServlet'
2026-05-13T16:44:37.053+09:00  INFO 21580 --- [RMI TCP Connection(1)-192.168.0.6] o.s.web.servlet.DispatcherServlet        : Completed initialization in 2 ms
2026-05-13T17:04:43.378+09:00  INFO 21580 --- [SpringApplicationShutdownHook] o.s.boot.tomcat.GracefulShutdown         : Commencing graceful shutdown. Waiting for active requests to complete
2026-05-13T17:04:43.642+09:00  INFO 21580 --- [tomcat-shutdown] o.s.boot.tomcat.GracefulShutdown         : Graceful shutdown complete
2026-05-13T17:06:57.636+09:00  INFO 25732 --- [main] c.c.e.EcsPracticeStarterApplication      : Starting EcsPracticeStarterApplication using Java 17.0.18 with PID 25732 (C:\Users\dkskr\OneDrive\Desktop\newforder2\ecs-practice-starter\build\classes\java\main started by dkskr in C:\Users\dkskr\OneDrive\Desktop\newforder2\ecs-practice-starter)
2026-05-13T17:06:57.642+09:00  INFO 25732 --- [main] c.c.e.EcsPracticeStarterApplication      : No active profile set, falling back to 1 default profile: "default"
2026-05-13T17:06:59.190+09:00  INFO 25732 --- [main] o.s.boot.tomcat.TomcatWebServer          : Tomcat initialized with port 8080 (http)
2026-05-13T17:06:59.211+09:00  INFO 25732 --- [main] o.apache.catalina.core.StandardService   : Starting service [Tomcat]
2026-05-13T17:06:59.212+09:00  INFO 25732 --- [main] o.apache.catalina.core.StandardEngine    : Starting Servlet engine: [Apache Tomcat/11.0.21]
2026-05-13T17:06:59.282+09:00  INFO 25732 --- [main] b.w.c.s.WebApplicationContextInitializer : Root WebApplicationContext: initialization completed in 1567 ms
2026-05-13T17:07:00.094+09:00  INFO 25732 --- [main] o.s.b.a.e.web.EndpointLinksResolver      : Exposing 1 endpoint beneath base path '/actuator'
2026-05-13T17:07:00.175+09:00  INFO 25732 --- [main] o.s.boot.tomcat.TomcatWebServer          : Tomcat started on port 8080 (http) with context path '/'
2026-05-13T17:07:00.185+09:00  INFO 25732 --- [main] c.c.e.EcsPracticeStarterApplication      : Started EcsPracticeStarterApplication in 3.371 seconds (process running for 4.864)
2026-05-13T17:07:00.734+09:00  INFO 25732 --- [RMI TCP Connection(2)-192.168.0.6] o.a.c.c.C.[Tomcat].[localhost].[/]       : Initializing Spring DispatcherServlet 'dispatcherServlet'
2026-05-13T17:07:00.734+09:00  INFO 25732 --- [RMI TCP Connection(2)-192.168.0.6] o.s.web.servlet.DispatcherServlet        : Initializing Servlet 'dispatcherServlet'
2026-05-13T17:07:00.736+09:00  INFO 25732 --- [RMI TCP Connection(2)-192.168.0.6] o.s.web.servlet.DispatcherServlet        : Completed initialization in 2 ms
2026-05-13T17:09:57.875+09:00  INFO 25732 --- [SpringApplicationShutdownHook] o.s.boot.tomcat.GracefulShutdown         : Commencing graceful shutdown. Waiting for active requests to complete
2026-05-13T17:09:58.144+09:00  INFO 25732 --- [tomcat-shutdown] o.s.boot.tomcat.GracefulShutdown         : Graceful shutdown complete
